<?xml version="1.0" encoding="UTF-8"?>
<testsuites name="Mocha Tests" time="0.028" tests="3" failures="0">
  <testsuite name="Root Suite" timestamp="2019-12-13T15:05:43" tests="0" failures="0" time="0">
  </testsuite>
  <testsuite name="Status, content, and correct response types" timestamp="2019-12-13T15:05:43" tests="0" file="/Users/aedifex/Git/circleSE-node-demo/original-application/test/main_application.js" failures="0" time="0">
  </testsuite>
  <testsuite name="Main page" timestamp="2019-12-13T15:05:43" tests="2" file="/Users/aedifex/Git/circleSE-node-demo/original-application/test/main_application.js" failures="0" time="0.025">
    <testcase name="Status, content, and correct response types Main page status" time="0.021" classname="status">
    </testcase>
    <testcase name="Status, content, and correct response types Main page content-type / html" time="0.004" classname="content-type / html">
    </testcase>
  </testsuite>
  <testsuite name="Build Info" timestamp="2019-12-13T15:05:43" tests="1" file="/Users/aedifex/Git/circleSE-node-demo/original-application/test/main_application.js" failures="0" time="0.003">
    <testcase name="Status, content, and correct response types Build Info status" time="0.003" classname="status">
    </testcase>
  </testsuite>
</testsuites>